../Core/Src/main.c:26:6:Init_Source_Clock	16	static
../Core/Src/main.c:37:6:Init_Delay	24	static
../Core/Src/main.c:51:6:delay_us	24	static
../Core/Src/main.c:60:6:delay_ms	24	static
../Core/Src/main.c:70:6:Init_USART2	32	static
../Core/Src/main.c:89:6:Transmit_one_byte	24	static
../Core/Src/main.c:97:6:Transmit_data	24	static
../Core/Src/main.c:107:6:DATA_OUTPUT_MODE	16	static
../Core/Src/main.c:116:6:DATA_INPUT_MODE	16	static
../Core/Src/main.c:124:6:Start_Communicate_to_DHT11	8	static
../Core/Src/main.c:133:9:Respone_from_DHT11	16	static
../Core/Src/main.c:149:9:Read_Data	16	static
../Core/Src/main.c:165:6:Temperature_and_Humidity	24	static
../Core/Src/main.c:200:5:main	8	static
