../Core/Src/main.c:33:6:Init_Source_Clock	16	static
../Core/Src/main.c:44:6:Init_Delay	24	static
../Core/Src/main.c:58:6:delay_us	24	static
../Core/Src/main.c:67:6:delay_ms	24	static
../Core/Src/main.c:77:6:Init_SPI1	24	static
../Core/Src/main.c:97:6:SPI_Transmitter	32	static
../Core/Src/main.c:112:6:SPI_Receiver	24	static
../Core/Src/main.c:124:6:NRF24L01_Write	24	static
../Core/Src/main.c:133:6:NRF24L01_Multi_Write	24	static
../Core/Src/main.c:141:9:NRF24L01_Read	24	static
../Core/Src/main.c:150:6:NRF24L01_Multi_Read	16	static
../Core/Src/main.c:157:6:NRF24L01_Send_cmd	16	static
../Core/Src/main.c:166:6:Init_NRF24L01	8	static
../Core/Src/main.c:180:6:NRF24L01_TX_mode	24	static
../Core/Src/main.c:192:9:NRF24L01_Transmit	24	static
../Core/Src/main.c:213:6:Init_ADC1	32	static
../Core/Src/main.c:233:6:Read_ADC	32	static
../Core/Src/main.c:248:5:main	8	static
